<!doctype html>
<html><body>
<p>This is an experiment.dev</p>
<p><img src="/images/experiment.dev/example.jpg"></p>
<!-- This experiment.dev should prove interesting -->
<p><a href="http://192.168.0.4:3002/example.html">Link</a></p>
</body></html>
