<a href="http://192.168.0.4:3002"></a>
phpdebugbar.setOpenHandler(new PhpDebugBar.OpenHandler({"url":"http:\/\/192.168.0.4:3002\/_debugbar\/open"}));
