<ul class="navigation__items">
  <li class="navigation__items__page">
    <a href="http://192.168.0.4:3002/careers/?number=4">Â« Previous</a>
  </li>
  <li class="navigation__items__page">
    <a href="http://192.168.0.4:3002/careers/#search">1</a>
  </li>
  <li class="navigation__items__page">
    <a href="http://192.168.0.4:3002/careers/?number=2#search">2</a>
  </li>
  <li class="navigation__items__page">
    <a href="http://192.168.0.4:3002/careers/?number=3#search">3</a>
  </li>
  <li class="navigation__items__page">
    <a href="http://192.168.0.4:3002/careers/?number=4#search">4</a>
  </li>
  <li class="navigation__items__page navigation__items__page--active">
    <a href="http://192.168.0.4:3002/careers/?number=5#search">5</a>
  </li>
</ul>
